#
# There is insufficient memory for the Java Runtime Environment to continue.
# Native memory allocation (malloc) failed to allocate 32744 bytes. Error detail: Chunk::new
# Possible reasons:
#   The system is out of physical RAM or swap space
#   This process is running with CompressedOops enabled, and the Java Heap may be blocking the growth of the native heap
# Possible solutions:
#   Reduce memory load on the system
#   Increase physical memory or swap space
#   Check if swap backing store is full
#   Decrease Java heap size (-Xmx/-Xms)
#   Decrease number of Java threads
#   Decrease Java thread stack sizes (-Xss)
#   Set larger code cache with -XX:ReservedCodeCacheSize=
#   JVM is running with Unscaled Compressed Oops mode in which the Java heap is
#     placed in the first 4GB address space. The Java Heap base address is the
#     maximum limit for the native heap growth. Please use -XX:HeapBaseMinAddress
#     to set the Java Heap base and to place the Java Heap above 4GB virtual address.
# This output file may be truncated or incomplete.
#
#  Out of Memory Error (arena.cpp:168), pid=13336, tid=10716
#
# JRE version: OpenJDK Runtime Environment JBR-21.0.5+8-631.30-jcef (21.0.5+8) (build 21.0.5+8-b631.30)
# Java VM: OpenJDK 64-Bit Server VM JBR-21.0.5+8-631.30-jcef (21.0.5+8-b631.30, mixed mode, tiered, compressed oops, compressed class ptrs, g1 gc, windows-amd64)
# No core dump will be written. Minidumps are not enabled by default on client versions of Windows
#

---------------  S U M M A R Y ------------

Command Line: -Djava.rmi.server.hostname=127.0.0.1 -Duser.timezone=UTC -Xmx2048m -Xms128m -Djdbc.classpath=C:\Users\16086\AppData\Local\Temp\RemoteDriver3605.classpath.txt --add-exports=java.desktop/sun.awt=ALL-UNNAMED --add-exports=java.desktop/java.awt.peer=ALL-UNNAMED --add-opens=java.desktop/java.awt=ALL-UNNAMED --add-opens=jdk.unsupported/sun.misc=ALL-UNNAMED --add-opens=java.base/java.nio=ALL-UNNAMED --add-opens=java.base/java.util=ALL-UNNAMED -Dfile.encoding=UTF-8 -Dsun.stdout.encoding=UTF-8 -Dsun.stderr.encoding=UTF-8 com.intellij.database.remote.RemoteJdbcServer org.postgresql.Driver

Host: 12th Gen Intel(R) Core(TM) i7-12700H, 20 cores, 15G,  Windows 11 , 64 bit Build 22621 (10.0.22621.4830)
Time: Fri Feb 14 23:31:34 2025 RTZ 9 (s 11 , 64 bit Build 22621 (10.0.22621.4830) elapsed time: 0.072804 seconds (0d 0h 0m 0s)

---------------  T H R E A D  ---------------

Current thread (0x00000110c50a4240):  JavaThread "C1 CompilerThread0" daemon [_thread_in_native, id=10716, stack(0x0000000796b00000,0x0000000796c00000) (1024K)]


Current CompileTask:
C1:72   39   !   3      
[error occurred during error reporting (printing current compile task), id 0xe0000001, Out of Memory Error (s\src\hotspot\share\memory\arena.cpp:168)]
Stack: [0x0000000796b00000,0x0000000796c00000]
Native frames: (J=compiled Java code, j=interpreted, Vv=VM code, C=native code)
V  [jvm.dll+0x6e52b9]
V  [jvm.dll+0x8c3633]
V  [jvm.dll+0x8c5b8e]
V  [jvm.dll+0x8c6273]
V  [jvm.dll+0x288f46]
V  [jvm.dll+0xc66dd]
V  [jvm.dll+0xc6c13]
V  [jvm.dll+0x82c5bc]
V  [jvm.dll+0x82c6a9]
V  [jvm.dll+0x695bd9]
V  [jvm.dll+0x2636e7]
V  [jvm.dll+0x263c77]
V  [jvm.dll+0x8c34a9]
V  [jvm.dll+0x8c5b8e]
V  [jvm.dll+0x8c6273]
V  [jvm.dll+0x288f46]
V  [jvm.dll+0xc66dd]
V  [jvm.dll+0xc6c13]
V  [jvm.dll+0x19a425]
V  [jvm.dll+0x19a676]
V  [jvm.dll+0x1a120f]
V  [jvm.dll+0x19f2a7]
V  [jvm.dll+0x157883]
V  [jvm.dll+0x157128]
V  [jvm.dll+0x157366]
V  [jvm.dll+0x1566df]
V  [jvm.dll+0x158501]
V  [jvm.dll+0x25f5dc]
V  [jvm.dll+0x25db26]
V  [jvm.dll+0x3ff5e6]
V  [jvm.dll+0x86b248]
V  [jvm.dll+0x6e3abd]
C  [ucrtbase.dll+0x29333]
C  [KERNEL32.DLL+0x1259d]
C  [ntdll.dll+0x5af38]


---------------  P R O C E S S  ---------------

Threads class SMR info:
_java_thread_list=0x00000110c509c8a0, length=9, elements={
0x00000110a77df570, 0x00000110c50764c0, 0x00000110c5077010, 0x00000110c50c5200,
0x00000110c50c5c50, 0x00000110c50c6cb0, 0x00000110c50c7910, 0x00000110c50a1b90,
0x00000110c50a4240
}

Java Threads: ( => current thread )
  0x00000110a77df570 JavaThread "main"                              [_thread_in_vm, id=8452, stack(0x0000000795c00000,0x0000000795d00000) (1024K)]
  0x00000110c50764c0 JavaThread "Reference Handler"          daemon [_thread_blocked, id=8868, stack(0x0000000796400000,0x0000000796500000) (1024K)]
  0x00000110c5077010 JavaThread "Finalizer"                  daemon [_thread_blocked, id=16648, stack(0x0000000796500000,0x0000000796600000) (1024K)]
  0x00000110c50c5200 JavaThread "Signal Dispatcher"          daemon [_thread_blocked, id=10832, stack(0x0000000796600000,0x0000000796700000) (1024K)]
  0x00000110c50c5c50 JavaThread "Attach Listener"            daemon [_thread_blocked, id=9128, stack(0x0000000796700000,0x0000000796800000) (1024K)]
  0x00000110c50c6cb0 JavaThread "Service Thread"             daemon [_thread_blocked, id=17160, stack(0x0000000796800000,0x0000000796900000) (1024K)]
  0x00000110c50c7910 JavaThread "Monitor Deflation Thread"   daemon [_thread_blocked, id=12676, stack(0x0000000796900000,0x0000000796a00000) (1024K)]
  0x00000110c50a1b90 JavaThread "C2 CompilerThread0"         daemon [_thread_blocked, id=432, stack(0x0000000796a00000,0x0000000796b00000) (1024K)]
=>0x00000110c50a4240 JavaThread "C1 CompilerThread0"         daemon [_thread_in_native, id=10716, stack(0x0000000796b00000,0x0000000796c00000) (1024K)]
Total: 9

Other Threads:
  0x00000110c503b3f0 VMThread "VM Thread"                           [id=17124, stack(0x0000000796300000,0x0000000796400000) (1024K)]
  0x00000110c0cbf5f0 WatcherThread "VM Periodic Task Thread"        [id=5088, stack(0x0000000796200000,0x0000000796300000) (1024K)]
  0x00000110a7836400 WorkerThread "GC Thread#0"                     [id=2340, stack(0x0000000795d00000,0x0000000795e00000) (1024K)]
  0x00000110a7847280 ConcurrentGCThread "G1 Main Marker"            [id=11444, stack(0x0000000795e00000,0x0000000795f00000) (1024K)]
  0x00000110a7847c20 WorkerThread "G1 Conc#0"                       [id=3408, stack(0x0000000795f00000,0x0000000796000000) (1024K)]
  0x00000110c0b84940 ConcurrentGCThread "G1 Refine#0"               [id=1912, stack(0x0000000796000000,0x0000000796100000) (1024K)]
  0x00000110c0b85350 ConcurrentGCThread "G1 Service"                [id=8624, stack(0x0000000796100000,0x0000000796200000) (1024K)]
Total: 7

Threads with active compile tasks:
C1 CompilerThread0  82   39   !   3       java.util.concurrent.ConcurrentHashMap::putVal (432 bytes)
Total: 1

VM state: not at safepoint (normal execution)

VM Mutex/Monitor currently owned by a thread:  ([mutex/lock_event])
[0x00007ff807e6c830] Metaspace_lock - owner thread: 0x00000110a77df570

Heap address: 0x0000000080000000, size: 2048 MB, Compressed Oops mode: 32-bit

CDS archive(s) not mapped
Compressed class space mapped at: 0x0000000100000000-0x0000000140000000, reserved size: 1073741824
Narrow klass base: 0x0000000000000000, Narrow klass shift: 3, Narrow klass range: 0x140000000

GC Precious Log:
 CardTable entry size: 512
 Card Set container configuration: InlinePtr #cards 5 size 8 Array Of Cards #cards 12 size 40 Howl #buckets 4 coarsen threshold 1843 Howl Bitmap #cards 512 size 80 coarsen threshold 460 Card regions per heap region 1 cards per card region 2048
 CPUs: 20 total, 20 available
 Memory: 16068M
 Large Page Support: Disabled
 NUMA Support: Disabled
 Compressed Oops: Enabled (32-bit)
 Heap Region Size: 1M
 Heap Min Capacity: 128M
 Heap Initial Capacity: 128M
 Heap Max Capacity: 2G
 Pre-touch: Disabled
 Parallel Workers: 15
 Concurrent Workers: 4
 Concurrent Refinement Workers: 15
 Periodic GC: Disabled

Heap:
 garbage-first heap   total 131072K, used 1024K [0x0000000080000000, 0x0000000100000000)
  region size 1024K, 2 young (2048K), 0 survivors (0K)
 Metaspace       used 4221K, committed 4224K, reserved 1114112K
  class space    used 317K, committed 320K, reserved 1048576K

Heap Regions: E=young(eden), S=young(survivor), O=old, HS=humongous(starts), HC=humongous(continues), CS=collection set, F=free, TAMS=top-at-mark-start, PB=parsable bottom
|   0|0x0000000080000000, 0x0000000080000000, 0x0000000080100000|  0%| F|  |TAMS 0x0000000080000000| PB 0x0000000080000000| Untracked 
|   1|0x0000000080100000, 0x0000000080100000, 0x0000000080200000|  0%| F|  |TAMS 0x0000000080100000| PB 0x0000000080100000| Untracked 
|   2|0x0000000080200000, 0x0000000080200000, 0x0000000080300000|  0%| F|  |TAMS 0x0000000080200000| PB 0x0000000080200000| Untracked 
|   3|0x0000000080300000, 0x0000000080300000, 0x0000000080400000|  0%| F|  |TAMS 0x0000000080300000| PB 0x0000000080300000| Untracked 
|   4|0x0000000080400000, 0x0000000080400000, 0x0000000080500000|  0%| F|  |TAMS 0x0000000080400000| PB 0x0000000080400000| Untracked 
|   5|0x0000000080500000, 0x0000000080500000, 0x0000000080600000|  0%| F|  |TAMS 0x0000000080500000| PB 0x0000000080500000| Untracked 
|   6|0x0000000080600000, 0x0000000080600000, 0x0000000080700000|  0%| F|  |TAMS 0x0000000080600000| PB 0x0000000080600000| Untracked 
|   7|0x0000000080700000, 0x0000000080700000, 0x0000000080800000|  0%| F|  |TAMS 0x0000000080700000| PB 0x0000000080700000| Untracked 
|   8|0x0000000080800000, 0x0000000080800000, 0x0000000080900000|  0%| F|  |TAMS 0x0000000080800000| PB 0x0000000080800000| Untracked 
|   9|0x0000000080900000, 0x0000000080900000, 0x0000000080a00000|  0%| F|  |TAMS 0x0000000080900000| PB 0x0000000080900000| Untracked 
|  10|0x0000000080a00000, 0x0000000080a00000, 0x0000000080b00000|  0%| F|  |TAMS 0x0000000080a00000| PB 0x0000000080a00000| Untracked 
|  11|0x0000000080b00000, 0x0000000080b00000, 0x0000000080c00000|  0%| F|  |TAMS 0x0000000080b00000| PB 0x0000000080b00000| Untracked 
|  12|0x0000000080c00000, 0x0000000080c00000, 0x0000000080d00000|  0%| F|  |TAMS 0x0000000080c00000| PB 0x0000000080c00000| Untracked 
|  13|0x0000000080d00000, 0x0000000080d00000, 0x0000000080e00000|  0%| F|  |TAMS 0x0000000080d00000| PB 0x0000000080d00000| Untracked 
|  14|0x0000000080e00000, 0x0000000080e00000, 0x0000000080f00000|  0%| F|  |TAMS 0x0000000080e00000| PB 0x0000000080e00000| Untracked 
|  15|0x0000000080f00000, 0x0000000080f00000, 0x0000000081000000|  0%| F|  |TAMS 0x0000000080f00000| PB 0x0000000080f00000| Untracked 
|  16|0x0000000081000000, 0x0000000081000000, 0x0000000081100000|  0%| F|  |TAMS 0x0000000081000000| PB 0x0000000081000000| Untracked 
|  17|0x0000000081100000, 0x0000000081100000, 0x0000000081200000|  0%| F|  |TAMS 0x0000000081100000| PB 0x0000000081100000| Untracked 
|  18|0x0000000081200000, 0x0000000081200000, 0x0000000081300000|  0%| F|  |TAMS 0x0000000081200000| PB 0x0000000081200000| Untracked 
|  19|0x0000000081300000, 0x0000000081300000, 0x0000000081400000|  0%| F|  |TAMS 0x0000000081300000| PB 0x0000000081300000| Untracked 
|  20|0x0000000081400000, 0x0000000081400000, 0x0000000081500000|  0%| F|  |TAMS 0x0000000081400000| PB 0x0000000081400000| Untracked 
|  21|0x0000000081500000, 0x0000000081500000, 0x0000000081600000|  0%| F|  |TAMS 0x0000000081500000| PB 0x0000000081500000| Untracked 
|  22|0x0000000081600000, 0x0000000081600000, 0x0000000081700000|  0%| F|  |TAMS 0x0000000081600000| PB 0x0000000081600000| Untracked 
|  23|0x0000000081700000, 0x0000000081700000, 0x0000000081800000|  0%| F|  |TAMS 0x0000000081700000| PB 0x0000000081700000| Untracked 
|  24|0x0000000081800000, 0x0000000081800000, 0x0000000081900000|  0%| F|  |TAMS 0x0000000081800000| PB 0x0000000081800000| Untracked 
|  25|0x0000000081900000, 0x0000000081900000, 0x0000000081a00000|  0%| F|  |TAMS 0x0000000081900000| PB 0x0000000081900000| Untracked 
|  26|0x0000000081a00000, 0x0000000081a00000, 0x0000000081b00000|  0%| F|  |TAMS 0x0000000081a00000| PB 0x0000000081a00000| Untracked 
|  27|0x0000000081b00000, 0x0000000081b00000, 0x0000000081c00000|  0%| F|  |TAMS 0x0000000081b00000| PB 0x0000000081b00000| Untracked 
|  28|0x0000000081c00000, 0x0000000081c00000, 0x0000000081d00000|  0%| F|  |TAMS 0x0000000081c00000| PB 0x0000000081c00000| Untracked 
|  29|0x0000000081d00000, 0x0000000081d00000, 0x0000000081e00000|  0%| F|  |TAMS 0x0000000081d00000| PB 0x0000000081d00000| Untracked 
|  30|0x0000000081e00000, 0x0000000081e00000, 0x0000000081f00000|  0%| F|  |TAMS 0x0000000081e00000| PB 0x0000000081e00000| Untracked 
|  31|0x0000000081f00000, 0x0000000081f00000, 0x0000000082000000|  0%| F|  |TAMS 0x0000000081f00000| PB 0x0000000081f00000| Untracked 
|  32|0x0000000082000000, 0x0000000082000000, 0x0000000082100000|  0%| F|  |TAMS 0x0000000082000000| PB 0x0000000082000000| Untracked 
|  33|0x0000000082100000, 0x0000000082100000, 0x0000000082200000|  0%| F|  |TAMS 0x0000000082100000| PB 0x0000000082100000| Untracked 
|  34|0x0000000082200000, 0x0000000082200000, 0x0000000082300000|  0%| F|  |TAMS 0x0000000082200000| PB 0x0000000082200000| Untracked 
|  35|0x0000000082300000, 0x0000000082300000, 0x0000000082400000|  0%| F|  |TAMS 0x0000000082300000| PB 0x0000000082300000| Untracked 
|  36|0x0000000082400000, 0x0000000082400000, 0x0000000082500000|  0%| F|  |TAMS 0x0000000082400000| PB 0x0000000082400000| Untracked 
|  37|0x0000000082500000, 0x0000000082500000, 0x0000000082600000|  0%| F|  |TAMS 0x0000000082500000| PB 0x0000000082500000| Untracked 
|  38|0x0000000082600000, 0x0000000082600000, 0x0000000082700000|  0%| F|  |TAMS 0x0000000082600000| PB 0x0000000082600000| Untracked 
|  39|0x0000000082700000, 0x0000000082700000, 0x0000000082800000|  0%| F|  |TAMS 0x0000000082700000| PB 0x0000000082700000| Untracked 
|  40|0x0000000082800000, 0x0000000082800000, 0x0000000082900000|  0%| F|  |TAMS 0x0000000082800000| PB 0x0000000082800000| Untracked 
|  41|0x0000000082900000, 0x0000000082900000, 0x0000000082a00000|  0%| F|  |TAMS 0x0000000082900000| PB 0x0000000082900000| Untracked 
|  42|0x0000000082a00000, 0x0000000082a00000, 0x0000000082b00000|  0%| F|  |TAMS 0x0000000082a00000| PB 0x0000000082a00000| Untracked 
|  43|0x0000000082b00000, 0x0000000082b00000, 0x0000000082c00000|  0%| F|  |TAMS 0x0000000082b00000| PB 0x0000000082b00000| Untracked 
|  44|0x0000000082c00000, 0x0000000082c00000, 0x0000000082d00000|  0%| F|  |TAMS 0x0000000082c00000| PB 0x0000000082c00000| Untracked 
|  45|0x0000000082d00000, 0x0000000082d00000, 0x0000000082e00000|  0%| F|  |TAMS 0x0000000082d00000| PB 0x0000000082d00000| Untracked 
|  46|0x0000000082e00000, 0x0000000082e00000, 0x0000000082f00000|  0%| F|  |TAMS 0x0000000082e00000| PB 0x0000000082e00000| Untracked 
|  47|0x0000000082f00000, 0x0000000082f00000, 0x0000000083000000|  0%| F|  |TAMS 0x0000000082f00000| PB 0x0000000082f00000| Untracked 
|  48|0x0000000083000000, 0x0000000083000000, 0x0000000083100000|  0%| F|  |TAMS 0x0000000083000000| PB 0x0000000083000000| Untracked 
|  49|0x0000000083100000, 0x0000000083100000, 0x0000000083200000|  0%| F|  |TAMS 0x0000000083100000| PB 0x0000000083100000| Untracked 
|  50|0x0000000083200000, 0x0000000083200000, 0x0000000083300000|  0%| F|  |TAMS 0x0000000083200000| PB 0x0000000083200000| Untracked 
|  51|0x0000000083300000, 0x0000000083300000, 0x0000000083400000|  0%| F|  |TAMS 0x0000000083300000| PB 0x0000000083300000| Untracked 
|  52|0x0000000083400000, 0x0000000083400000, 0x0000000083500000|  0%| F|  |TAMS 0x0000000083400000| PB 0x0000000083400000| Untracked 
|  53|0x0000000083500000, 0x0000000083500000, 0x0000000083600000|  0%| F|  |TAMS 0x0000000083500000| PB 0x0000000083500000| Untracked 
|  54|0x0000000083600000, 0x0000000083600000, 0x0000000083700000|  0%| F|  |TAMS 0x0000000083600000| PB 0x0000000083600000| Untracked 
|  55|0x0000000083700000, 0x0000000083700000, 0x0000000083800000|  0%| F|  |TAMS 0x0000000083700000| PB 0x0000000083700000| Untracked 
|  56|0x0000000083800000, 0x0000000083800000, 0x0000000083900000|  0%| F|  |TAMS 0x0000000083800000| PB 0x0000000083800000| Untracked 
|  57|0x0000000083900000, 0x0000000083900000, 0x0000000083a00000|  0%| F|  |TAMS 0x0000000083900000| PB 0x0000000083900000| Untracked 
|  58|0x0000000083a00000, 0x0000000083a00000, 0x0000000083b00000|  0%| F|  |TAMS 0x0000000083a00000| PB 0x0000000083a00000| Untracked 
|  59|0x0000000083b00000, 0x0000000083b00000, 0x0000000083c00000|  0%| F|  |TAMS 0x0000000083b00000| PB 0x0000000083b00000| Untracked 
|  60|0x0000000083c00000, 0x0000000083c00000, 0x0000000083d00000|  0%| F|  |TAMS 0x0000000083c00000| PB 0x0000000083c00000| Untracked 
|  61|0x0000000083d00000, 0x0000000083d00000, 0x0000000083e00000|  0%| F|  |TAMS 0x0000000083d00000| PB 0x0000000083d00000| Untracked 
|  62|0x0000000083e00000, 0x0000000083e00000, 0x0000000083f00000|  0%| F|  |TAMS 0x0000000083e00000| PB 0x0000000083e00000| Untracked 
|  63|0x0000000083f00000, 0x0000000083f00000, 0x0000000084000000|  0%| F|  |TAMS 0x0000000083f00000| PB 0x0000000083f00000| Untracked 
|  64|0x0000000084000000, 0x0000000084000000, 0x0000000084100000|  0%| F|  |TAMS 0x0000000084000000| PB 0x0000000084000000| Untracked 
|  65|0x0000000084100000, 0x0000000084100000, 0x0000000084200000|  0%| F|  |TAMS 0x0000000084100000| PB 0x0000000084100000| Untracked 
|  66|0x0000000084200000, 0x0000000084200000, 0x0000000084300000|  0%| F|  |TAMS 0x0000000084200000| PB 0x0000000084200000| Untracked 
|  67|0x0000000084300000, 0x0000000084300000, 0x0000000084400000|  0%| F|  |TAMS 0x0000000084300000| PB 0x0000000084300000| Untracked 
|  68|0x0000000084400000, 0x0000000084400000, 0x0000000084500000|  0%| F|  |TAMS 0x0000000084400000| PB 0x0000000084400000| Untracked 
|  69|0x0000000084500000, 0x0000000084500000, 0x0000000084600000|  0%| F|  |TAMS 0x0000000084500000| PB 0x0000000084500000| Untracked 
|  70|0x0000000084600000, 0x0000000084600000, 0x0000000084700000|  0%| F|  |TAMS 0x0000000084600000| PB 0x0000000084600000| Untracked 
|  71|0x0000000084700000, 0x0000000084700000, 0x0000000084800000|  0%| F|  |TAMS 0x0000000084700000| PB 0x0000000084700000| Untracked 
|  72|0x0000000084800000, 0x0000000084800000, 0x0000000084900000|  0%| F|  |TAMS 0x0000000084800000| PB 0x0000000084800000| Untracked 
|  73|0x0000000084900000, 0x0000000084900000, 0x0000000084a00000|  0%| F|  |TAMS 0x0000000084900000| PB 0x0000000084900000| Untracked 
|  74|0x0000000084a00000, 0x0000000084a00000, 0x0000000084b00000|  0%| F|  |TAMS 0x0000000084a00000| PB 0x0000000084a00000| Untracked 
|  75|0x0000000084b00000, 0x0000000084b00000, 0x0000000084c00000|  0%| F|  |TAMS 0x0000000084b00000| PB 0x0000000084b00000| Untracked 
|  76|0x0000000084c00000, 0x0000000084c00000, 0x0000000084d00000|  0%| F|  |TAMS 0x0000000084c00000| PB 0x0000000084c00000| Untracked 
|  77|0x0000000084d00000, 0x0000000084d00000, 0x0000000084e00000|  0%| F|  |TAMS 0x0000000084d00000| PB 0x0000000084d00000| Untracked 
|  78|0x0000000084e00000, 0x0000000084e00000, 0x0000000084f00000|  0%| F|  |TAMS 0x0000000084e00000| PB 0x0000000084e00000| Untracked 
|  79|0x0000000084f00000, 0x0000000084f00000, 0x0000000085000000|  0%| F|  |TAMS 0x0000000084f00000| PB 0x0000000084f00000| Untracked 
|  80|0x0000000085000000, 0x0000000085000000, 0x0000000085100000|  0%| F|  |TAMS 0x0000000085000000| PB 0x0000000085000000| Untracked 
|  81|0x0000000085100000, 0x0000000085100000, 0x0000000085200000|  0%| F|  |TAMS 0x0000000085100000| PB 0x0000000085100000| Untracked 
|  82|0x0000000085200000, 0x0000000085200000, 0x0000000085300000|  0%| F|  |TAMS 0x0000000085200000| PB 0x0000000085200000| Untracked 
|  83|0x0000000085300000, 0x0000000085300000, 0x0000000085400000|  0%| F|  |TAMS 0x0000000085300000| PB 0x0000000085300000| Untracked 
|  84|0x0000000085400000, 0x0000000085400000, 0x0000000085500000|  0%| F|  |TAMS 0x0000000085400000| PB 0x0000000085400000| Untracked 
|  85|0x0000000085500000, 0x0000000085500000, 0x0000000085600000|  0%| F|  |TAMS 0x0000000085500000| PB 0x0000000085500000| Untracked 
|  86|0x0000000085600000, 0x0000000085600000, 0x0000000085700000|  0%| F|  |TAMS 0x0000000085600000| PB 0x0000000085600000| Untracked 
|  87|0x0000000085700000, 0x0000000085700000, 0x0000000085800000|  0%| F|  |TAMS 0x0000000085700000| PB 0x0000000085700000| Untracked 
|  88|0x0000000085800000, 0x0000000085800000, 0x0000000085900000|  0%| F|  |TAMS 0x0000000085800000| PB 0x0000000085800000| Untracked 
|  89|0x0000000085900000, 0x0000000085900000, 0x0000000085a00000|  0%| F|  |TAMS 0x0000000085900000| PB 0x0000000085900000| Untracked 
|  90|0x0000000085a00000, 0x0000000085a00000, 0x0000000085b00000|  0%| F|  |TAMS 0x0000000085a00000| PB 0x0000000085a00000| Untracked 
|  91|0x0000000085b00000, 0x0000000085b00000, 0x0000000085c00000|  0%| F|  |TAMS 0x0000000085b00000| PB 0x0000000085b00000| Untracked 
|  92|0x0000000085c00000, 0x0000000085c00000, 0x0000000085d00000|  0%| F|  |TAMS 0x0000000085c00000| PB 0x0000000085c00000| Untracked 
|  93|0x0000000085d00000, 0x0000000085d00000, 0x0000000085e00000|  0%| F|  |TAMS 0x0000000085d00000| PB 0x0000000085d00000| Untracked 
|  94|0x0000000085e00000, 0x0000000085e00000, 0x0000000085f00000|  0%| F|  |TAMS 0x0000000085e00000| PB 0x0000000085e00000| Untracked 
|  95|0x0000000085f00000, 0x0000000085f00000, 0x0000000086000000|  0%| F|  |TAMS 0x0000000085f00000| PB 0x0000000085f00000| Untracked 
|  96|0x0000000086000000, 0x0000000086000000, 0x0000000086100000|  0%| F|  |TAMS 0x0000000086000000| PB 0x0000000086000000| Untracked 
|  97|0x0000000086100000, 0x0000000086100000, 0x0000000086200000|  0%| F|  |TAMS 0x0000000086100000| PB 0x0000000086100000| Untracked 
|  98|0x0000000086200000, 0x0000000086200000, 0x0000000086300000|  0%| F|  |TAMS 0x0000000086200000| PB 0x0000000086200000| Untracked 
|  99|0x0000000086300000, 0x0000000086300000, 0x0000000086400000|  0%| F|  |TAMS 0x0000000086300000| PB 0x0000000086300000| Untracked 
| 100|0x0000000086400000, 0x0000000086400000, 0x0000000086500000|  0%| F|  |TAMS 0x0000000086400000| PB 0x0000000086400000| Untracked 
| 101|0x0000000086500000, 0x0000000086500000, 0x0000000086600000|  0%| F|  |TAMS 0x0000000086500000| PB 0x0000000086500000| Untracked 
| 102|0x0000000086600000, 0x0000000086600000, 0x0000000086700000|  0%| F|  |TAMS 0x0000000086600000| PB 0x0000000086600000| Untracked 
| 103|0x0000000086700000, 0x0000000086700000, 0x0000000086800000|  0%| F|  |TAMS 0x0000000086700000| PB 0x0000000086700000| Untracked 
| 104|0x0000000086800000, 0x0000000086800000, 0x0000000086900000|  0%| F|  |TAMS 0x0000000086800000| PB 0x0000000086800000| Untracked 
| 105|0x0000000086900000, 0x0000000086900000, 0x0000000086a00000|  0%| F|  |TAMS 0x0000000086900000| PB 0x0000000086900000| Untracked 
| 106|0x0000000086a00000, 0x0000000086a00000, 0x0000000086b00000|  0%| F|  |TAMS 0x0000000086a00000| PB 0x0000000086a00000| Untracked 
| 107|0x0000000086b00000, 0x0000000086b00000, 0x0000000086c00000|  0%| F|  |TAMS 0x0000000086b00000| PB 0x0000000086b00000| Untracked 
| 108|0x0000000086c00000, 0x0000000086c00000, 0x0000000086d00000|  0%| F|  |TAMS 0x0000000086c00000| PB 0x0000000086c00000| Untracked 
| 109|0x0000000086d00000, 0x0000000086d00000, 0x0000000086e00000|  0%| F|  |TAMS 0x0000000086d00000| PB 0x0000000086d00000| Untracked 
| 110|0x0000000086e00000, 0x0000000086e00000, 0x0000000086f00000|  0%| F|  |TAMS 0x0000000086e00000| PB 0x0000000086e00000| Untracked 
| 111|0x0000000086f00000, 0x0000000086f00000, 0x0000000087000000|  0%| F|  |TAMS 0x0000000086f00000| PB 0x0000000086f00000| Untracked 
| 112|0x0000000087000000, 0x0000000087000000, 0x0000000087100000|  0%| F|  |TAMS 0x0000000087000000| PB 0x0000000087000000| Untracked 
| 113|0x0000000087100000, 0x0000000087100000, 0x0000000087200000|  0%| F|  |TAMS 0x0000000087100000| PB 0x0000000087100000| Untracked 
| 114|0x0000000087200000, 0x0000000087200000, 0x0000000087300000|  0%| F|  |TAMS 0x0000000087200000| PB 0x0000000087200000| Untracked 
| 115|0x0000000087300000, 0x0000000087300000, 0x0000000087400000|  0%| F|  |TAMS 0x0000000087300000| PB 0x0000000087300000| Untracked 
| 116|0x0000000087400000, 0x0000000087400000, 0x0000000087500000|  0%| F|  |TAMS 0x0000000087400000| PB 0x0000000087400000| Untracked 
| 117|0x0000000087500000, 0x0000000087500000, 0x0000000087600000|  0%| F|  |TAMS 0x0000000087500000| PB 0x0000000087500000| Untracked 
| 118|0x0000000087600000, 0x0000000087600000, 0x0000000087700000|  0%| F|  |TAMS 0x0000000087600000| PB 0x0000000087600000| Untracked 
| 119|0x0000000087700000, 0x0000000087700000, 0x0000000087800000|  0%| F|  |TAMS 0x0000000087700000| PB 0x0000000087700000| Untracked 
| 120|0x0000000087800000, 0x0000000087800000, 0x0000000087900000|  0%| F|  |TAMS 0x0000000087800000| PB 0x0000000087800000| Untracked 
| 121|0x0000000087900000, 0x0000000087900000, 0x0000000087a00000|  0%| F|  |TAMS 0x0000000087900000| PB 0x0000000087900000| Untracked 
| 122|0x0000000087a00000, 0x0000000087a00000, 0x0000000087b00000|  0%| F|  |TAMS 0x0000000087a00000| PB 0x0000000087a00000| Untracked 
| 123|0x0000000087b00000, 0x0000000087b00000, 0x0000000087c00000|  0%| F|  |TAMS 0x0000000087b00000| PB 0x0000000087b00000| Untracked 
| 124|0x0000000087c00000, 0x0000000087c00000, 0x0000000087d00000|  0%| F|  |TAMS 0x0000000087c00000| PB 0x0000000087c00000| Untracked 
| 125|0x0000000087d00000, 0x0000000087d00000, 0x0000000087e00000|  0%| F|  |TAMS 0x0000000087d00000| PB 0x0000000087d00000| Untracked 
| 126|0x0000000087e00000, 0x0000000087e75c40, 0x0000000087f00000| 46%| E|  |TAMS 0x0000000087e00000| PB 0x0000000087e00000| Complete 
| 127|0x0000000087f00000, 0x0000000088000000, 0x0000000088000000|100%| E|CS|TAMS 0x0000000087f00000| PB 0x0000000087f00000| Complete 

Card table byte_map: [0x00000110bb610000,0x00000110bba10000] _byte_map_base: 0x00000110bb210000

Marking Bits: (CMBitMap*) 0x00000110a78369a0
 Bits: [0x00000110bba10000, 0x00000110bda10000)

Polling page: 0x00000110a56d0000

Metaspace:

Usage:
  Non-class:      3.81 MB used.
      Class:    317.30 KB used.
       Both:      4.12 MB used.

Virtual space:
  Non-class space:       64.00 MB reserved,       3.81 MB (  6%) committed,  1 nodes.
      Class space:        1.00 GB reserved,     320.00 KB ( <1%) committed,  1 nodes.
             Both:        1.06 GB reserved,       4.12 MB ( <1%) committed. 

Chunk freelists:
   Non-Class:  12.00 MB
       Class:  15.62 MB
        Both:  27.62 MB

MaxMetaspaceSize: unlimited
CompressedClassSpaceSize: 1.00 GB
Initial GC threshold: 21.00 MB
Current GC threshold: 21.00 MB
CDS: off
 - commit_granule_bytes: 65536.
 - commit_granule_words: 8192.
 - virtual_space_node_default_size: 8388608.
 - enlarge_chunks_in_place: 1.
 - use_allocation_guard: 0.


Internal statistics:

num_allocs_failed_limit: 0.
num_arena_births: 2.
num_arena_deaths: 0.
num_vsnodes_births: 2.
num_vsnodes_deaths: 0.
num_space_committed: 66.
num_space_uncommitted: 0.
num_chunks_returned_to_freelist: 0.
num_chunks_taken_from_freelist: 4.
num_chunk_merges: 0.
num_chunk_splits: 2.
num_chunks_enlarged: 0.
num_inconsistent_stats: 0.

CodeHeap 'non-profiled nmethods': size=119168Kb used=9Kb max_used=9Kb free=119159Kb
 bounds [0x00000110b3310000, 0x00000110b3580000, 0x00000110ba770000]
CodeHeap 'profiled nmethods': size=119104Kb used=36Kb max_used=36Kb free=119067Kb
 bounds [0x00000110ab770000, 0x00000110ab9e0000, 0x00000110b2bc0000]
CodeHeap 'non-nmethods': size=7488Kb used=1164Kb max_used=1164Kb free=6323Kb
 bounds [0x00000110b2bc0000, 0x00000110b2e30000, 0x00000110b3310000]
 total_blobs=334 nmethods=35 adapters=204
 compilation: enabled
              stopped_count=0, restarted_count=0
 full_count=0

Compilation events (20 events):
Event: 0.065 Thread 0x00000110c50a4240   21       3       java.util.AbstractCollection::<init> (5 bytes)
Event: 0.065 Thread 0x00000110c50a4240 nmethod 21 0x00000110ab777a10 code [0x00000110ab777bc0, 0x00000110ab777d28]
Event: 0.065 Thread 0x00000110c50a4240   23       3       java.util.ImmutableCollections$AbstractImmutableCollection::<init> (5 bytes)
Event: 0.065 Thread 0x00000110c50a4240 nmethod 23 0x00000110ab777e10 code [0x00000110ab777fc0, 0x00000110ab778188]
Event: 0.066 Thread 0x00000110c50a4240   26       3       java.lang.String::coder (15 bytes)
Event: 0.066 Thread 0x00000110c50a4240 nmethod 26 0x00000110ab778290 code [0x00000110ab778420, 0x00000110ab778558]
Event: 0.066 Thread 0x00000110c50a4240   27       3       java.lang.String::length (11 bytes)
Event: 0.066 Thread 0x00000110c50a4240 nmethod 27 0x00000110ab778610 code [0x00000110ab7787c0, 0x00000110ab778960]
Event: 0.066 Thread 0x00000110c50a4240   28       1       java.lang.module.ModuleDescriptor::name (5 bytes)
Event: 0.066 Thread 0x00000110c50a4240 nmethod 28 0x00000110b3310a90 code [0x00000110b3310c20, 0x00000110b3310ce8]
Event: 0.066 Thread 0x00000110c50a4240   30       1       java.lang.module.ModuleReference::descriptor (5 bytes)
Event: 0.066 Thread 0x00000110c50a4240 nmethod 30 0x00000110b3310d90 code [0x00000110b3310f20, 0x00000110b3310fe8]
Event: 0.066 Thread 0x00000110c50a1b90 nmethod 19 0x00000110b3311090 code [0x00000110b3311220, 0x00000110b33113d8]
Event: 0.066 Thread 0x00000110c50a1b90   16       4       java.lang.Object::<init> (1 bytes)
Event: 0.066 Thread 0x00000110c50a1b90 nmethod 16 0x00000110b3311490 code [0x00000110b3311620, 0x00000110b33116a8]
Event: 0.071 Thread 0x00000110c50a4240   33       3       java.util.ImmutableCollections$SetN$SetNIterator::hasNext (13 bytes)
Event: 0.071 Thread 0x00000110c50a4240 nmethod 33 0x00000110ab778a10 code [0x00000110ab778ba0, 0x00000110ab778d00]
Event: 0.071 Thread 0x00000110c50a4240   40       3       java.util.ImmutableCollections$SetN$SetNIterator::next (90 bytes)
Event: 0.071 Thread 0x00000110c50a4240 nmethod 40 0x00000110ab778d90 code [0x00000110ab778f60, 0x00000110ab779248]
Event: 0.071 Thread 0x00000110c50a4240   39   !   3       java.util.concurrent.ConcurrentHashMap::putVal (432 bytes)

GC Heap History (0 events):
No events

Dll operation events (2 events):
Event: 0.004 Loaded shared library D:\IDEA\IntelliJ IDEA 2024.3.2.1\jbr\bin\java.dll
Event: 0.011 Loaded shared library D:\IDEA\IntelliJ IDEA 2024.3.2.1\jbr\bin\zip.dll

Deoptimization events (0 events):
No events

Classes loaded (20 events):
Event: 0.071 Loading class sun/net/www/protocol/jar/Handler done
Event: 0.071 Loading class jdk/internal/module/ServicesCatalog
Event: 0.071 Loading class jdk/internal/module/ServicesCatalog done
Event: 0.071 Loading class jdk/internal/loader/ClassLoaderValue
Event: 0.071 Loading class jdk/internal/loader/AbstractClassLoaderValue
Event: 0.071 Loading class jdk/internal/loader/AbstractClassLoaderValue done
Event: 0.071 Loading class jdk/internal/loader/ClassLoaderValue done
Event: 0.071 Loading class jdk/internal/loader/BuiltinClassLoader$LoadedModule
Event: 0.071 Loading class jdk/internal/loader/BuiltinClassLoader$LoadedModule done
Event: 0.071 Loading class java/lang/module/Configuration
Event: 0.071 Loading class java/lang/module/Configuration done
Event: 0.071 Loading class java/lang/module/ResolvedModule
Event: 0.072 Loading class java/lang/module/ResolvedModule done
Event: 0.072 Loading class java/util/AbstractMap$1
Event: 0.072 Loading class java/util/AbstractMap$1 done
Event: 0.072 Loading class java/util/AbstractMap$1$1
Event: 0.072 Loading class java/util/AbstractMap$1$1 done
Event: 0.072 Loading class jdk/internal/module/ModuleLoaderMap
Event: 0.072 Loading class jdk/internal/module/ModuleLoaderMap done
Event: 0.072 Loading class jdk/internal/module/ModuleLoaderMap$Mapper

Classes unloaded (0 events):
No events

Classes redefined (0 events):
No events

Internal exceptions (0 events):
No events

ZGC Phase Switch (0 events):
No events

VM Operations (0 events):
No events

Memory protections (0 events):
No events

Nmethod flushes (0 events):
No events

Events (9 events):
Event: 0.009 Thread 0x00000110a77df570 Thread added: 0x00000110a77df570
Event: 0.054 Thread 0x00000110a77df570 Thread added: 0x00000110c50764c0
Event: 0.054 Thread 0x00000110a77df570 Thread added: 0x00000110c5077010
Event: 0.055 Thread 0x00000110a77df570 Thread added: 0x00000110c50c5200
Event: 0.055 Thread 0x00000110a77df570 Thread added: 0x00000110c50c5c50
Event: 0.055 Thread 0x00000110a77df570 Thread added: 0x00000110c50c6cb0
Event: 0.055 Thread 0x00000110a77df570 Thread added: 0x00000110c50c7910
Event: 0.055 Thread 0x00000110a77df570 Thread added: 0x00000110c50a1b90
Event: 0.055 Thread 0x00000110a77df570 Thread added: 0x00000110c50a4240


Dynamic libraries:
0x00007ff632d40000 - 0x00007ff632d4a000 	D:\IDEA\IntelliJ IDEA 2024.3.2.1\jbr\bin\java.exe
0x00007ff895cf0000 - 0x00007ff895f07000 	C:\Windows\SYSTEM32\ntdll.dll
0x00007ff8943e0000 - 0x00007ff8944a4000 	C:\Windows\System32\KERNEL32.DLL
0x00007ff893050000 - 0x00007ff893420000 	C:\Windows\System32\KERNELBASE.dll
0x00007ff893610000 - 0x00007ff893721000 	C:\Windows\System32\ucrtbase.dll
0x00007ff8896d0000 - 0x00007ff8896eb000 	D:\IDEA\IntelliJ IDEA 2024.3.2.1\jbr\bin\VCRUNTIME140.dll
0x00007ff889690000 - 0x00007ff8896a8000 	D:\IDEA\IntelliJ IDEA 2024.3.2.1\jbr\bin\jli.dll
0x00007ff895280000 - 0x00007ff89542e000 	C:\Windows\System32\USER32.dll
0x00007ff8939b0000 - 0x00007ff8939d6000 	C:\Windows\System32\win32u.dll
0x00007ff87a850000 - 0x00007ff87aae2000 	C:\Windows\WinSxS\amd64_microsoft.windows.common-controls_6595b64144ccf1df_6.0.22621.4830_none_270fe7d773858e80\COMCTL32.dll
0x00007ff8943a0000 - 0x00007ff8943c9000 	C:\Windows\System32\GDI32.dll
0x00007ff893890000 - 0x00007ff8939ab000 	C:\Windows\System32\gdi32full.dll
0x00007ff894dc0000 - 0x00007ff894e67000 	C:\Windows\System32\msvcrt.dll
0x00007ff893730000 - 0x00007ff8937ca000 	C:\Windows\System32\msvcp_win.dll
0x00007ff894c20000 - 0x00007ff894c51000 	C:\Windows\System32\IMM32.DLL
0x00007ff88a340000 - 0x00007ff88a34c000 	D:\IDEA\IntelliJ IDEA 2024.3.2.1\jbr\bin\vcruntime140_1.dll
0x00007ff880800000 - 0x00007ff88088d000 	D:\IDEA\IntelliJ IDEA 2024.3.2.1\jbr\bin\msvcp140.dll
0x00007ff8071a0000 - 0x00007ff807f61000 	D:\IDEA\IntelliJ IDEA 2024.3.2.1\jbr\bin\server\jvm.dll
0x00007ff894700000 - 0x00007ff8947b1000 	C:\Windows\System32\ADVAPI32.dll
0x00007ff8947c0000 - 0x00007ff894867000 	C:\Windows\System32\sechost.dll
0x00007ff892fa0000 - 0x00007ff892fc8000 	C:\Windows\System32\bcrypt.dll
0x00007ff8945e0000 - 0x00007ff8946f4000 	C:\Windows\System32\RPCRT4.dll
0x00007ff894e70000 - 0x00007ff894ee1000 	C:\Windows\System32\WS2_32.dll
0x00007ff891e40000 - 0x00007ff891e8d000 	C:\Windows\SYSTEM32\POWRPROF.dll
0x00007ff889630000 - 0x00007ff889664000 	C:\Windows\SYSTEM32\WINMM.dll
0x00007ff887a80000 - 0x00007ff887a8a000 	C:\Windows\SYSTEM32\VERSION.dll
0x00007ff891e20000 - 0x00007ff891e33000 	C:\Windows\SYSTEM32\UMPDC.dll
0x00007ff8920d0000 - 0x00007ff8920e8000 	C:\Windows\SYSTEM32\kernel.appcore.dll
0x00007ff8896c0000 - 0x00007ff8896ca000 	D:\IDEA\IntelliJ IDEA 2024.3.2.1\jbr\bin\jimage.dll
0x00007ff890260000 - 0x00007ff890492000 	C:\Windows\SYSTEM32\DBGHELP.DLL
0x00007ff8939e0000 - 0x00007ff893d70000 	C:\Windows\System32\combase.dll
0x00007ff895120000 - 0x00007ff8951f7000 	C:\Windows\System32\OLEAUT32.dll
0x00007ff8871a0000 - 0x00007ff8871d2000 	C:\Windows\SYSTEM32\dbgcore.DLL
0x00007ff893420000 - 0x00007ff89349b000 	C:\Windows\System32\bcryptPrimitives.dll
0x00007ff880180000 - 0x00007ff8801a0000 	D:\IDEA\IntelliJ IDEA 2024.3.2.1\jbr\bin\java.dll
0x00007ff879260000 - 0x00007ff879278000 	D:\IDEA\IntelliJ IDEA 2024.3.2.1\jbr\bin\zip.dll
0x00007ff895430000 - 0x00007ff895ca8000 	C:\Windows\System32\SHELL32.dll
0x00007ff890ec0000 - 0x00007ff8917d0000 	C:\Windows\SYSTEM32\windows.storage.dll
0x00007ff890d80000 - 0x00007ff890ebf000 	C:\Windows\SYSTEM32\wintypes.dll
0x00007ff894c60000 - 0x00007ff894d6a000 	C:\Windows\System32\SHCORE.dll
0x00007ff8950a0000 - 0x00007ff8950fe000 	C:\Windows\System32\shlwapi.dll
0x00007ff892ed0000 - 0x00007ff892efb000 	C:\Windows\SYSTEM32\profapi.dll

dbghelp: loaded successfully - version: 4.0.5 - missing functions: none
symbol engine: initialized successfully - sym options: 0x614 - pdb path: .;D:\IDEA\IntelliJ IDEA 2024.3.2.1\jbr\bin;C:\Windows\SYSTEM32;C:\Windows\WinSxS\amd64_microsoft.windows.common-controls_6595b64144ccf1df_6.0.22621.4830_none_270fe7d773858e80;D:\IDEA\IntelliJ IDEA 2024.3.2.1\jbr\bin\server

VM Arguments:
jvm_args: -Djava.rmi.server.hostname=127.0.0.1 -Duser.timezone=UTC -Xmx2048m -Xms128m -Djdbc.classpath=C:\Users\16086\AppData\Local\Temp\RemoteDriver3605.classpath.txt --add-exports=java.desktop/sun.awt=ALL-UNNAMED --add-exports=java.desktop/java.awt.peer=ALL-UNNAMED --add-opens=java.desktop/java.awt=ALL-UNNAMED --add-opens=jdk.unsupported/sun.misc=ALL-UNNAMED --add-opens=java.base/java.nio=ALL-UNNAMED --add-opens=java.base/java.util=ALL-UNNAMED -Dfile.encoding=UTF-8 -Dsun.stdout.encoding=UTF-8 -Dsun.stderr.encoding=UTF-8 
java_command: com.intellij.database.remote.RemoteJdbcServer org.postgresql.Driver
java_class_path (initial): D:\IDEA\IntelliJ IDEA 2024.3.2.1\lib\util_rt.jar;D:\IDEA\IntelliJ IDEA 2024.3.2.1\lib\util-8.jar;D:\IDEA\IntelliJ IDEA 2024.3.2.1\lib\groovy.jar;D:\IDEA\IntelliJ IDEA 2024.3.2.1\plugins\DatabaseTools\lib\jdbc-console.jar;D:\IDEA\IntelliJ IDEA 2024.3.2.1\plugins\grid-core-impl\lib\jdbc-console-types.jar;D:\IDEA\IntelliJ IDEA 2024.3.2.1\lib\util.jar;D:\IDEA\IntelliJ IDEA 2024.3.2.1\lib\bouncy-castle.jar
Launcher Type: SUN_STANDARD

[Global flags]
     intx CICompilerCount                          = 12                                        {product} {ergonomic}
     uint ConcGCThreads                            = 4                                         {product} {ergonomic}
     uint G1ConcRefinementThreads                  = 15                                        {product} {ergonomic}
   size_t G1HeapRegionSize                         = 1048576                                   {product} {ergonomic}
    uintx GCDrainStackTargetSize                   = 64                                        {product} {ergonomic}
   size_t InitialHeapSize                          = 134217728                                 {product} {command line}
   size_t MarkStackSize                            = 4194304                                   {product} {ergonomic}
   size_t MaxHeapSize                              = 2147483648                                {product} {command line}
   size_t MaxNewSize                               = 1287651328                                {product} {ergonomic}
   size_t MinHeapDeltaBytes                        = 1048576                                   {product} {ergonomic}
   size_t MinHeapSize                              = 134217728                                 {product} {command line}
    uintx NonNMethodCodeHeapSize                   = 7602480                                {pd product} {ergonomic}
    uintx NonProfiledCodeHeapSize                  = 122027880                              {pd product} {ergonomic}
    uintx ProfiledCodeHeapSize                     = 122027880                              {pd product} {ergonomic}
    uintx ReservedCodeCacheSize                    = 251658240                              {pd product} {ergonomic}
     bool SegmentedCodeCache                       = true                                      {product} {ergonomic}
   size_t SoftMaxHeapSize                          = 2147483648                             {manageable} {ergonomic}
     bool UseCompressedOops                        = true                           {product lp64_product} {ergonomic}
     bool UseG1GC                                  = true                                      {product} {ergonomic}
     bool UseLargePagesIndividualAllocation        = false                                  {pd product} {ergonomic}

Logging:
Log output configuration:
 #0: stdout all=warning uptime,level,tags foldmultilines=false
 #1: stderr all=off uptime,level,tags foldmultilines=false

Environment Variables:
PATH=C:\Program Files (x86)\Common Files\Oracle\Java\java8path;C:\Program Files (x86)\Common Files\Oracle\Java\javapath;C:\Windows\system32;C:\Windows;C:\Windows\System32\Wbem;C:\Windows\System32\WindowsPowerShell\v1.0\;C:\Windows\System32\OpenSSH\;C:\Program Files\dotnet\;C:\Program Files (x86)\NVIDIA Corporation\PhysX\Common;C:\Program Files\NVIDIA Corporation\NVIDIA NvDLISR;C:\Program Files (x86)\Windows Kits\10\Windows Performance Toolkit\;C:\Program Files\nodejs\;C:\Program Files\Git\cmd;C:\Users\16086\AppData\Local\Programs\Python\Launcher\;C:\Users\16086\AppData\Local\Microsoft\WindowsApps;C:\Users\16086\AppData\Roaming\npm;C:\Users\16086\AppData\Local\Programs\Python\Python313\Scripts;C:\Program Files\PostgreSQL\17\bin;
USERNAME=Eyelesser
OS=Windows_NT
PROCESSOR_IDENTIFIER=Intel64 Family 6 Model 154 Stepping 3, GenuineIntel
TMP=C:\Users\16086\AppData\Local\Temp
TEMP=C:\Users\16086\AppData\Local\Temp




Periodic native trim disabled

JNI global refs:
JNI global refs: 13, weak refs: 0

JNI global refs memory usage: 835, weak refs: 201

Process memory usage:
Resident Set Size: 31060K (0% of 16454388K total physical memory with 4507512K free physical memory)

OOME stack traces (most recent first):
Classloader memory used:
